2026-07-27 00:00:43.122 [boundedElastic-2] ERROR o.springframework.ai.chat.model.MessageAggregator - Aggregation Error
java.lang.NullPointerException: Cannot invoke "com.alibaba.cloud.ai.dashscope.api.DashScopeApi$ChatCompletionOutput.choices()" because the return value of "com.alibaba.cloud.ai.dashscope.api.DashScopeApi$ChatCompletionChunk.output()" is null
	at com.alibaba.cloud.ai.dashscope.api.DashScopeAiStreamFunctionCallingHelper.isStreamingToolFunctionCall(DashScopeAiStreamFunctionCallingHelper.java:166)
	at com.alibaba.cloud.ai.dashscope.api.DashScopeApi.lambda$chatCompletionStream$4(DashScopeApi.java:1335)
	at reactor.core.publisher.FluxMap$MapSubscriber.onNext(FluxMap.java:106)
	at reactor.core.publisher.FluxMap$MapSubscriber.onNext(FluxMap.java:122)
	at reactor.core.publisher.FluxFilter$FilterSubscriber.onNext(FluxFilter.java:113)
	at reactor.core.publisher.FluxTakeUntil$TakeUntilPredicateSubscriber.onNext(FluxTakeUntil.java:95)
	at reactor.core.publisher.MonoFlatMapMany$FlatMapManyInner.onNext(MonoFlatMapMany.java:251)
	at reactor.core.publisher.FluxOnErrorResume$ResumeSubscriber.onNext(FluxOnErrorResume.java:79)
	at reactor.core.publisher.FluxOnAssembly$OnAssemblySubscriber.onNext(FluxOnAssembly.java:539)
	at reactor.core.publisher.FluxConcatMapNoPrefetch$FluxConcatMapNoPrefetchSubscriber.innerNext(FluxConcatMapNoPrefetch.java:259)
	at reactor.core.publisher.FluxConcatMap$ConcatMapInner.onNext(FluxConcatMap.java:865)
	at reactor.core.publisher.FluxConcatMap$WeakScalarSubscription.request(FluxConcatMap.java:480)
	at reactor.core.publisher.Operators$MultiSubscriptionSubscriber.set(Operators.java:2367)
	at reactor.core.publisher.FluxConcatMapNoPrefetch$FluxConcatMapNoPrefetchSubscriber.onNext(FluxConcatMapNoPrefetch.java:202)
	at reactor.core.publisher.FluxBufferPredicate$BufferPredicateSubscriber.onNextNewBuffer(FluxBufferPredicate.java:317)
	at reactor.core.publisher.FluxBufferPredicate$BufferPredicateSubscriber.tryOnNext(FluxBufferPredicate.java:227)
	at reactor.core.publisher.FluxBufferPredicate$BufferPredicateSubscriber.onNext(FluxBufferPredicate.java:200)
	at reactor.core.publisher.FluxPeekFuseable$PeekFuseableConditionalSubscriber.onNext(FluxPeekFuseable.java:503)
	at reactor.core.publisher.FluxMapFuseable$MapFuseableConditionalSubscriber.onNext(FluxMapFuseable.java:299)
	at reactor.core.publisher.FluxContextWrite$ContextWriteSubscriber.onNext(FluxContextWrite.java:107)
	at reactor.core.publisher.FluxDoFinally$DoFinallySubscriber.onNext(FluxDoFinally.java:113)
	at reactor.core.publisher.FluxConcatArray$ConcatArraySubscriber.onNext(FluxConcatArray.java:202)
	at reactor.core.publisher.FluxFlattenIterable$FlattenIterableSubscriber.drainAsync(FluxFlattenIterable.java:453)
	at reactor.core.publisher.FluxFlattenIterable$FlattenIterableSubscriber.drain(FluxFlattenIterable.java:724)
	at reactor.core.publisher.FluxFlattenIterable$FlattenIterableSubscriber.onNext(FluxFlattenIterable.java:256)
	at reactor.core.publisher.FluxMap$MapSubscriber.onNext(FluxMap.java:122)
	at reactor.core.publisher.FluxPeek$PeekSubscriber.onNext(FluxPeek.java:200)
	at reactor.core.publisher.FluxMap$MapSubscriber.onNext(FluxMap.java:122)
	at reactor.netty.channel.FluxReceive.drainReceiver(FluxReceive.java:294)
	at reactor.netty.channel.FluxReceive.onInboundNext(FluxReceive.java:403)
	at reactor.netty.channel.ChannelOperations.onInboundNext(ChannelOperations.java:426)
	at reactor.netty.http.client.HttpClientOperations.onInboundNext(HttpClientOperations.java:804)
	at reactor.netty.channel.ChannelOperationsHandler.channelRead(ChannelOperationsHandler.java:114)
	at io.netty.channel.AbstractChannelHandlerContext.invokeChannelRead(AbstractChannelHandlerContext.java:444)
	at io.netty.channel.AbstractChannelHandlerContext.invokeChannelRead(AbstractChannelHandlerContext.java:420)
	at io.netty.channel.AbstractChannelHandlerContext.fireChannelRead(AbstractChannelHandlerContext.java:412)
	at io.netty.handler.codec.MessageToMessageDecoder.channelRead(MessageToMessageDecoder.java:103)
	at io.netty.channel.AbstractChannelHandlerContext.invokeChannelRead(AbstractChannelHandlerContext.java:444)
	at io.netty.channel.AbstractChannelHandlerContext.invokeChannelRead(AbstractChannelHandlerContext.java:420)
	at io.netty.channel.AbstractChannelHandlerContext.fireChannelRead(AbstractChannelHandlerContext.java:412)
	at io.netty.channel.CombinedChannelDuplexHandler$DelegatingChannelHandlerContext.fireChannelRead(CombinedChannelDuplexHandler.java:436)
	at io.netty.handler.codec.ByteToMessageDecoder.fireChannelRead(ByteToMessageDecoder.java:346)
	at io.netty.handler.codec.ByteToMessageDecoder.channelRead(ByteToMessageDecoder.java:318)
	at io.netty.channel.CombinedChannelDuplexHandler.channelRead(CombinedChannelDuplexHandler.java:251)
	at io.netty.channel.AbstractChannelHandlerContext.invokeChannelRead(AbstractChannelHandlerContext.java:442)
	at io.netty.channel.AbstractChannelHandlerContext.invokeChannelRead(AbstractChannelHandlerContext.java:420)
	at io.netty.channel.AbstractChannelHandlerContext.fireChannelRead(AbstractChannelHandlerContext.java:412)
	at io.netty.handler.ssl.SslHandler.unwrap(SslHandler.java:1475)
	at io.netty.handler.ssl.SslHandler.decodeJdkCompatible(SslHandler.java:1338)
	at io.netty.handler.ssl.SslHandler.decode(SslHandler.java:1387)
	at io.netty.handler.codec.ByteToMessageDecoder.decodeRemovalReentryProtection(ByteToMessageDecoder.java:529)
	at io.netty.handler.codec.ByteToMessageDecoder.callDecode(ByteToMessageDecoder.java:468)
	at io.netty.handler.codec.ByteToMessageDecoder.channelRead(ByteToMessageDecoder.java:290)
	at io.netty.channel.AbstractChannelHandlerContext.invokeChannelRead(AbstractChannelHandlerContext.java:444)
	at io.netty.channel.AbstractChannelHandlerContext.invokeChannelRead(AbstractChannelHandlerContext.java:420)
	at io.netty.channel.AbstractChannelHandlerContext.fireChannelRead(AbstractChannelHandlerContext.java:412)
	at io.netty.channel.DefaultChannelPipeline$HeadContext.channelRead(DefaultChannelPipeline.java:1410)
	at io.netty.channel.AbstractChannelHandlerContext.invokeChannelRead(AbstractChannelHandlerContext.java:440)
	at io.netty.channel.AbstractChannelHandlerContext.invokeChannelRead(AbstractChannelHandlerContext.java:420)
	at io.netty.channel.DefaultChannelPipeline.fireChannelRead(DefaultChannelPipeline.java:919)
	at io.netty.channel.nio.AbstractNioByteChannel$NioByteUnsafe.read(AbstractNioByteChannel.java:166)
	at io.netty.channel.nio.NioEventLoop.processSelectedKey(NioEventLoop.java:788)
	at io.netty.channel.nio.NioEventLoop.processSelectedKeysOptimized(NioEventLoop.java:724)
	at io.netty.channel.nio.NioEventLoop.processSelectedKeys(NioEventLoop.java:650)
	at io.netty.channel.nio.NioEventLoop.run(NioEventLoop.java:562)
	at io.netty.util.concurrent.SingleThreadEventExecutor$4.run(SingleThreadEventExecutor.java:997)
	at io.netty.util.internal.ThreadExecutorMap$2.run(ThreadExecutorMap.java:74)
	at io.netty.util.concurrent.FastThreadLocalRunnable.run(FastThreadLocalRunnable.java:30)
	at java.base/java.lang.Thread.run(Thread.java:842)
2026-07-27 00:02:42.886 [boundedElastic-4] ERROR o.springframework.ai.chat.model.MessageAggregator - Aggregation Error
java.lang.NullPointerException: Cannot invoke "com.alibaba.cloud.ai.dashscope.api.DashScopeApi$ChatCompletionOutput.choices()" because the return value of "com.alibaba.cloud.ai.dashscope.api.DashScopeApi$ChatCompletionChunk.output()" is null
	at com.alibaba.cloud.ai.dashscope.api.DashScopeAiStreamFunctionCallingHelper.isStreamingToolFunctionCall(DashScopeAiStreamFunctionCallingHelper.java:166)
	at com.alibaba.cloud.ai.dashscope.api.DashScopeApi.lambda$chatCompletionStream$4(DashScopeApi.java:1335)
	at reactor.core.publisher.FluxMap$MapSubscriber.onNext(FluxMap.java:106)
	at reactor.core.publisher.FluxMap$MapSubscriber.onNext(FluxMap.java:122)
	at reactor.core.publisher.FluxFilter$FilterSubscriber.onNext(FluxFilter.java:113)
	at reactor.core.publisher.FluxTakeUntil$TakeUntilPredicateSubscriber.onNext(FluxTakeUntil.java:95)
	at reactor.core.publisher.MonoFlatMapMany$FlatMapManyInner.onNext(MonoFlatMapMany.java:251)
	at reactor.core.publisher.FluxOnErrorResume$ResumeSubscriber.onNext(FluxOnErrorResume.java:79)
	at reactor.core.publisher.FluxOnAssembly$OnAssemblySubscriber.onNext(FluxOnAssembly.java:539)
	at reactor.core.publisher.FluxConcatMapNoPrefetch$FluxConcatMapNoPrefetchSubscriber.innerNext(FluxConcatMapNoPrefetch.java:259)
	at reactor.core.publisher.FluxConcatMap$ConcatMapInner.onNext(FluxConcatMap.java:865)
	at reactor.core.publisher.FluxConcatMap$WeakScalarSubscription.request(FluxConcatMap.java:480)
	at reactor.core.publisher.Operators$MultiSubscriptionSubscriber.set(Operators.java:2367)
	at reactor.core.publisher.FluxConcatMapNoPrefetch$FluxConcatMapNoPrefetchSubscriber.onNext(FluxConcatMapNoPrefetch.java:202)
	at reactor.core.publisher.FluxBufferPredicate$BufferPredicateSubscriber.onNextNewBuffer(FluxBufferPredicate.java:317)
	at reactor.core.publisher.FluxBufferPredicate$BufferPredicateSubscriber.tryOnNext(FluxBufferPredicate.java:227)
	at reactor.core.publisher.FluxBufferPredicate$BufferPredicateSubscriber.onNext(FluxBufferPredicate.java:200)
	at reactor.core.publisher.FluxPeekFuseable$PeekFuseableConditionalSubscriber.onNext(FluxPeekFuseable.java:503)
	at reactor.core.publisher.FluxMapFuseable$MapFuseableConditionalSubscriber.onNext(FluxMapFuseable.java:299)
	at reactor.core.publisher.FluxContextWrite$ContextWriteSubscriber.onNext(FluxContextWrite.java:107)
	at reactor.core.publisher.FluxDoFinally$DoFinallySubscriber.onNext(FluxDoFinally.java:113)
	at reactor.core.publisher.FluxConcatArray$ConcatArraySubscriber.onNext(FluxConcatArray.java:202)
	at reactor.core.publisher.FluxFlattenIterable$FlattenIterableSubscriber.drainAsync(FluxFlattenIterable.java:453)
	at reactor.core.publisher.FluxFlattenIterable$FlattenIterableSubscriber.drain(FluxFlattenIterable.java:724)
	at reactor.core.publisher.FluxFlattenIterable$FlattenIterableSubscriber.onNext(FluxFlattenIterable.java:256)
	at reactor.core.publisher.FluxMap$MapSubscriber.onNext(FluxMap.java:122)
	at reactor.core.publisher.FluxPeek$PeekSubscriber.onNext(FluxPeek.java:200)
	at reactor.core.publisher.FluxMap$MapSubscriber.onNext(FluxMap.java:122)
	at reactor.netty.channel.FluxReceive.drainReceiver(FluxReceive.java:294)
	at reactor.netty.channel.FluxReceive.onInboundNext(FluxReceive.java:403)
	at reactor.netty.channel.ChannelOperations.onInboundNext(ChannelOperations.java:426)
	at reactor.netty.http.client.HttpClientOperations.onInboundNext(HttpClientOperations.java:804)
	at reactor.netty.channel.ChannelOperationsHandler.channelRead(ChannelOperationsHandler.java:114)
	at io.netty.channel.AbstractChannelHandlerContext.invokeChannelRead(AbstractChannelHandlerContext.java:444)
	at io.netty.channel.AbstractChannelHandlerContext.invokeChannelRead(AbstractChannelHandlerContext.java:420)
	at io.netty.channel.AbstractChannelHandlerContext.fireChannelRead(AbstractChannelHandlerContext.java:412)
	at io.netty.handler.codec.MessageToMessageDecoder.channelRead(MessageToMessageDecoder.java:103)
	at io.netty.channel.AbstractChannelHandlerContext.invokeChannelRead(AbstractChannelHandlerContext.java:444)
	at io.netty.channel.AbstractChannelHandlerContext.invokeChannelRead(AbstractChannelHandlerContext.java:420)
	at io.netty.channel.AbstractChannelHandlerContext.fireChannelRead(AbstractChannelHandlerContext.java:412)
	at io.netty.channel.CombinedChannelDuplexHandler$DelegatingChannelHandlerContext.fireChannelRead(CombinedChannelDuplexHandler.java:436)
	at io.netty.handler.codec.ByteToMessageDecoder.fireChannelRead(ByteToMessageDecoder.java:346)
	at io.netty.handler.codec.ByteToMessageDecoder.channelRead(ByteToMessageDecoder.java:318)
	at io.netty.channel.CombinedChannelDuplexHandler.channelRead(CombinedChannelDuplexHandler.java:251)
	at io.netty.channel.AbstractChannelHandlerContext.invokeChannelRead(AbstractChannelHandlerContext.java:442)
	at io.netty.channel.AbstractChannelHandlerContext.invokeChannelRead(AbstractChannelHandlerContext.java:420)
	at io.netty.channel.AbstractChannelHandlerContext.fireChannelRead(AbstractChannelHandlerContext.java:412)
	at io.netty.handler.ssl.SslHandler.unwrap(SslHandler.java:1475)
	at io.netty.handler.ssl.SslHandler.decodeJdkCompatible(SslHandler.java:1338)
	at io.netty.handler.ssl.SslHandler.decode(SslHandler.java:1387)
	at io.netty.handler.codec.ByteToMessageDecoder.decodeRemovalReentryProtection(ByteToMessageDecoder.java:529)
	at io.netty.handler.codec.ByteToMessageDecoder.callDecode(ByteToMessageDecoder.java:468)
	at io.netty.handler.codec.ByteToMessageDecoder.channelRead(ByteToMessageDecoder.java:290)
	at io.netty.channel.AbstractChannelHandlerContext.invokeChannelRead(AbstractChannelHandlerContext.java:444)
	at io.netty.channel.AbstractChannelHandlerContext.invokeChannelRead(AbstractChannelHandlerContext.java:420)
	at io.netty.channel.AbstractChannelHandlerContext.fireChannelRead(AbstractChannelHandlerContext.java:412)
	at io.netty.channel.DefaultChannelPipeline$HeadContext.channelRead(DefaultChannelPipeline.java:1410)
	at io.netty.channel.AbstractChannelHandlerContext.invokeChannelRead(AbstractChannelHandlerContext.java:440)
	at io.netty.channel.AbstractChannelHandlerContext.invokeChannelRead(AbstractChannelHandlerContext.java:420)
	at io.netty.channel.DefaultChannelPipeline.fireChannelRead(DefaultChannelPipeline.java:919)
	at io.netty.channel.nio.AbstractNioByteChannel$NioByteUnsafe.read(AbstractNioByteChannel.java:166)
	at io.netty.channel.nio.NioEventLoop.processSelectedKey(NioEventLoop.java:788)
	at io.netty.channel.nio.NioEventLoop.processSelectedKeysOptimized(NioEventLoop.java:724)
	at io.netty.channel.nio.NioEventLoop.processSelectedKeys(NioEventLoop.java:650)
	at io.netty.channel.nio.NioEventLoop.run(NioEventLoop.java:562)
	at io.netty.util.concurrent.SingleThreadEventExecutor$4.run(SingleThreadEventExecutor.java:997)
	at io.netty.util.internal.ThreadExecutorMap$2.run(ThreadExecutorMap.java:74)
	at io.netty.util.concurrent.FastThreadLocalRunnable.run(FastThreadLocalRunnable.java:30)
	at java.base/java.lang.Thread.run(Thread.java:842)
