2026-03-25 18:13:22.778 [restartedMain] INFO  o.s.b.d.env.DevToolsPropertyDefaultsPostProcessor - Devtools property defaults active! Set 'spring.devtools.add-properties' to 'false' to disable
2026-03-25 18:13:22.782 [restartedMain] INFO  o.s.b.d.env.DevToolsPropertyDefaultsPostProcessor - For additional web related logging consider setting the 'logging.level.web' property to 'DEBUG'
2026-03-25 18:13:23.562 [restartedMain] INFO  o.s.d.r.config.RepositoryConfigurationDelegate - Multiple Spring Data modules found, entering strict repository configuration mode
2026-03-25 18:13:23.565 [restartedMain] INFO  o.s.d.r.config.RepositoryConfigurationDelegate - Bootstrapping Spring Data Redis repositories in DEFAULT mode.
2026-03-25 18:13:23.611 [restartedMain] INFO  o.s.d.r.config.RepositoryConfigurationDelegate - Finished Spring Data repository scanning in 31 ms. Found 0 Redis repository interfaces.
2026-03-25 18:13:24.753 [restartedMain] INFO  com.alibaba.druid.pool.DruidDataSource - {dataSource-1} inited
2026-03-25 18:13:26.181 [restartedMain] INFO  o.s.boot.web.embedded.tomcat.TomcatWebServer - Tomcat initialized with port 8080 (http)
2026-03-25 18:13:26.190 [restartedMain] INFO  org.apache.coyote.http11.Http11NioProtocol - Initializing ProtocolHandler ["http-nio-8080"]
2026-03-25 18:13:26.192 [restartedMain] INFO  org.apache.catalina.core.StandardService - Starting service [Tomcat]
2026-03-25 18:13:26.192 [restartedMain] INFO  org.apache.catalina.core.StandardEngine - Starting Servlet engine: [Apache Tomcat/10.1.18]
2026-03-25 18:13:26.231 [restartedMain] INFO  o.a.c.core.ContainerBase.[Tomcat].[localhost].[/] - Initializing Spring embedded WebApplicationContext
2026-03-25 18:13:26.233 [restartedMain] INFO  o.s.b.w.s.c.ServletWebServerApplicationContext - Root WebApplicationContext: initialization completed in 3449 ms
2026-03-25 18:13:27.170 [restartedMain] INFO  com.alibaba.druid.pool.DruidDataSource - {dataSource-1} closing ...
2026-03-25 18:13:27.174 [restartedMain] INFO  com.alibaba.druid.pool.DruidDataSource - {dataSource-1} closed
2026-03-25 18:13:27.176 [restartedMain] INFO  org.apache.catalina.core.StandardService - Stopping service [Tomcat]
2026-03-25 18:13:27.193 [restartedMain] INFO  o.s.b.a.logging.ConditionEvaluationReportLogger - 

Error starting ApplicationContext. To display the condition evaluation report re-run your application with 'debug' enabled.
2026-03-25 18:19:06.814 [restartedMain] INFO  o.s.b.d.env.DevToolsPropertyDefaultsPostProcessor - Devtools property defaults active! Set 'spring.devtools.add-properties' to 'false' to disable
2026-03-25 18:19:06.814 [restartedMain] INFO  o.s.b.d.env.DevToolsPropertyDefaultsPostProcessor - For additional web related logging consider setting the 'logging.level.web' property to 'DEBUG'
2026-03-25 18:19:07.477 [restartedMain] INFO  o.s.d.r.config.RepositoryConfigurationDelegate - Multiple Spring Data modules found, entering strict repository configuration mode
2026-03-25 18:19:07.478 [restartedMain] INFO  o.s.d.r.config.RepositoryConfigurationDelegate - Bootstrapping Spring Data Redis repositories in DEFAULT mode.
2026-03-25 18:19:07.508 [restartedMain] INFO  o.s.d.r.config.RepositoryConfigurationDelegate - Finished Spring Data repository scanning in 22 ms. Found 0 Redis repository interfaces.
2026-03-25 18:19:08.486 [restartedMain] INFO  com.alibaba.druid.pool.DruidDataSource - {dataSource-1} inited
2026-03-25 18:19:09.895 [restartedMain] INFO  o.s.boot.web.embedded.tomcat.TomcatWebServer - Tomcat initialized with port 8080 (http)
2026-03-25 18:19:09.903 [restartedMain] INFO  org.apache.coyote.http11.Http11NioProtocol - Initializing ProtocolHandler ["http-nio-8080"]
2026-03-25 18:19:09.905 [restartedMain] INFO  org.apache.catalina.core.StandardService - Starting service [Tomcat]
2026-03-25 18:19:09.905 [restartedMain] INFO  org.apache.catalina.core.StandardEngine - Starting Servlet engine: [Apache Tomcat/10.1.18]
2026-03-25 18:19:09.948 [restartedMain] INFO  o.a.c.core.ContainerBase.[Tomcat].[localhost].[/] - Initializing Spring embedded WebApplicationContext
2026-03-25 18:19:09.950 [restartedMain] INFO  o.s.b.w.s.c.ServletWebServerApplicationContext - Root WebApplicationContext: initialization completed in 3132 ms
2026-03-25 18:19:10.870 [restartedMain] INFO  com.alibaba.druid.pool.DruidDataSource - {dataSource-1} closing ...
2026-03-25 18:19:10.875 [restartedMain] INFO  com.alibaba.druid.pool.DruidDataSource - {dataSource-1} closed
2026-03-25 18:19:10.877 [restartedMain] INFO  org.apache.catalina.core.StandardService - Stopping service [Tomcat]
2026-03-25 18:19:10.893 [restartedMain] INFO  o.s.b.a.logging.ConditionEvaluationReportLogger - 

Error starting ApplicationContext. To display the condition evaluation report re-run your application with 'debug' enabled.
2026-03-25 18:29:56.911 [restartedMain] INFO  o.s.b.d.env.DevToolsPropertyDefaultsPostProcessor - Devtools property defaults active! Set 'spring.devtools.add-properties' to 'false' to disable
2026-03-25 18:29:56.912 [restartedMain] INFO  o.s.b.d.env.DevToolsPropertyDefaultsPostProcessor - For additional web related logging consider setting the 'logging.level.web' property to 'DEBUG'
2026-03-25 18:29:58.928 [restartedMain] INFO  o.s.d.r.config.RepositoryConfigurationDelegate - Multiple Spring Data modules found, entering strict repository configuration mode
2026-03-25 18:29:58.930 [restartedMain] INFO  o.s.d.r.config.RepositoryConfigurationDelegate - Bootstrapping Spring Data Redis repositories in DEFAULT mode.
2026-03-25 18:29:58.964 [restartedMain] INFO  o.s.d.r.config.RepositoryConfigurationDelegate - Finished Spring Data repository scanning in 23 ms. Found 0 Redis repository interfaces.
2026-03-25 18:29:59.946 [restartedMain] INFO  com.alibaba.druid.pool.DruidDataSource - {dataSource-1} inited
2026-03-25 18:30:01.395 [restartedMain] INFO  o.s.boot.web.embedded.tomcat.TomcatWebServer - Tomcat initialized with port 8080 (http)
2026-03-25 18:30:01.401 [restartedMain] INFO  org.apache.coyote.http11.Http11NioProtocol - Initializing ProtocolHandler ["http-nio-8080"]
2026-03-25 18:30:01.403 [restartedMain] INFO  org.apache.catalina.core.StandardService - Starting service [Tomcat]
2026-03-25 18:30:01.403 [restartedMain] INFO  org.apache.catalina.core.StandardEngine - Starting Servlet engine: [Apache Tomcat/10.1.18]
2026-03-25 18:30:01.444 [restartedMain] INFO  o.a.c.core.ContainerBase.[Tomcat].[localhost].[/] - Initializing Spring embedded WebApplicationContext
2026-03-25 18:30:01.446 [restartedMain] INFO  o.s.b.w.s.c.ServletWebServerApplicationContext - Root WebApplicationContext: initialization completed in 4532 ms
2026-03-25 18:30:02.043 [restartedMain] INFO  com.alibaba.druid.pool.DruidDataSource - {dataSource-1} closing ...
2026-03-25 18:30:02.047 [restartedMain] INFO  com.alibaba.druid.pool.DruidDataSource - {dataSource-1} closed
2026-03-25 18:30:02.050 [restartedMain] INFO  org.apache.catalina.core.StandardService - Stopping service [Tomcat]
2026-03-25 18:30:02.067 [restartedMain] INFO  o.s.b.a.logging.ConditionEvaluationReportLogger - 

Error starting ApplicationContext. To display the condition evaluation report re-run your application with 'debug' enabled.
2026-03-25 18:40:21.144 [restartedMain] INFO  o.s.b.d.env.DevToolsPropertyDefaultsPostProcessor - Devtools property defaults active! Set 'spring.devtools.add-properties' to 'false' to disable
2026-03-25 18:40:21.145 [restartedMain] INFO  o.s.b.d.env.DevToolsPropertyDefaultsPostProcessor - For additional web related logging consider setting the 'logging.level.web' property to 'DEBUG'
2026-03-25 18:40:22.883 [restartedMain] INFO  o.s.d.r.config.RepositoryConfigurationDelegate - Multiple Spring Data modules found, entering strict repository configuration mode
2026-03-25 18:40:22.884 [restartedMain] INFO  o.s.d.r.config.RepositoryConfigurationDelegate - Bootstrapping Spring Data Redis repositories in DEFAULT mode.
2026-03-25 18:40:22.929 [restartedMain] INFO  o.s.d.r.config.RepositoryConfigurationDelegate - Finished Spring Data repository scanning in 30 ms. Found 0 Redis repository interfaces.
2026-03-25 18:40:24.024 [restartedMain] INFO  com.alibaba.druid.pool.DruidDataSource - {dataSource-1} inited
2026-03-25 18:40:25.540 [restartedMain] INFO  o.s.boot.web.embedded.tomcat.TomcatWebServer - Tomcat initialized with port 8080 (http)
2026-03-25 18:40:25.550 [restartedMain] INFO  org.apache.coyote.http11.Http11NioProtocol - Initializing ProtocolHandler ["http-nio-8080"]
2026-03-25 18:40:25.552 [restartedMain] INFO  org.apache.catalina.core.StandardService - Starting service [Tomcat]
2026-03-25 18:40:25.553 [restartedMain] INFO  org.apache.catalina.core.StandardEngine - Starting Servlet engine: [Apache Tomcat/10.1.18]
2026-03-25 18:40:25.595 [restartedMain] INFO  o.a.c.core.ContainerBase.[Tomcat].[localhost].[/] - Initializing Spring embedded WebApplicationContext
2026-03-25 18:40:25.597 [restartedMain] INFO  o.s.b.w.s.c.ServletWebServerApplicationContext - Root WebApplicationContext: initialization completed in 4449 ms
2026-03-25 18:40:26.213 [restartedMain] INFO  com.alibaba.druid.pool.DruidDataSource - {dataSource-1} closing ...
2026-03-25 18:40:26.218 [restartedMain] INFO  com.alibaba.druid.pool.DruidDataSource - {dataSource-1} closed
2026-03-25 18:40:26.221 [restartedMain] INFO  org.apache.catalina.core.StandardService - Stopping service [Tomcat]
2026-03-25 18:40:26.239 [restartedMain] INFO  o.s.b.a.logging.ConditionEvaluationReportLogger - 

Error starting ApplicationContext. To display the condition evaluation report re-run your application with 'debug' enabled.
2026-03-25 18:41:23.938 [restartedMain] INFO  o.s.b.d.env.DevToolsPropertyDefaultsPostProcessor - Devtools property defaults active! Set 'spring.devtools.add-properties' to 'false' to disable
2026-03-25 18:41:23.939 [restartedMain] INFO  o.s.b.d.env.DevToolsPropertyDefaultsPostProcessor - For additional web related logging consider setting the 'logging.level.web' property to 'DEBUG'
2026-03-25 18:41:24.628 [restartedMain] INFO  o.s.d.r.config.RepositoryConfigurationDelegate - Multiple Spring Data modules found, entering strict repository configuration mode
2026-03-25 18:41:24.629 [restartedMain] INFO  o.s.d.r.config.RepositoryConfigurationDelegate - Bootstrapping Spring Data Redis repositories in DEFAULT mode.
2026-03-25 18:41:24.661 [restartedMain] INFO  o.s.d.r.config.RepositoryConfigurationDelegate - Finished Spring Data repository scanning in 22 ms. Found 0 Redis repository interfaces.
2026-03-25 18:41:25.704 [restartedMain] INFO  com.alibaba.druid.pool.DruidDataSource - {dataSource-1} inited
2026-03-25 18:41:27.220 [restartedMain] INFO  o.s.boot.web.embedded.tomcat.TomcatWebServer - Tomcat initialized with port 8080 (http)
2026-03-25 18:41:27.227 [restartedMain] INFO  org.apache.coyote.http11.Http11NioProtocol - Initializing ProtocolHandler ["http-nio-8080"]
2026-03-25 18:41:27.228 [restartedMain] INFO  org.apache.catalina.core.StandardService - Starting service [Tomcat]
2026-03-25 18:41:27.228 [restartedMain] INFO  org.apache.catalina.core.StandardEngine - Starting Servlet engine: [Apache Tomcat/10.1.18]
2026-03-25 18:41:27.264 [restartedMain] INFO  o.a.c.core.ContainerBase.[Tomcat].[localhost].[/] - Initializing Spring embedded WebApplicationContext
2026-03-25 18:41:27.265 [restartedMain] INFO  o.s.b.w.s.c.ServletWebServerApplicationContext - Root WebApplicationContext: initialization completed in 3325 ms
2026-03-25 18:41:28.633 [restartedMain] INFO  o.s.ai.transformer.splitter.TextSplitter - Splitting up document into 13 chunks.
2026-03-25 18:41:29.757 [restartedMain] INFO  o.springframework.ai.vectorstore.SimpleVectorStore - Calling EmbeddingModel for document id = f58bddb6-9660-4b4a-86da-251f560b83d2
2026-03-25 18:41:30.144 [restartedMain] INFO  o.springframework.ai.vectorstore.SimpleVectorStore - Calling EmbeddingModel for document id = 0bb62da3-9134-42c9-8e1b-99d2bdac2fac
2026-03-25 18:41:30.562 [restartedMain] INFO  o.springframework.ai.vectorstore.SimpleVectorStore - Calling EmbeddingModel for document id = c7443213-3318-445c-a727-ac4a4819cd85
2026-03-25 18:41:31.007 [restartedMain] INFO  o.springframework.ai.vectorstore.SimpleVectorStore - Calling EmbeddingModel for document id = f33436b4-7bdf-42af-9dea-9ea2dc4828de
2026-03-25 18:41:31.370 [restartedMain] INFO  o.springframework.ai.vectorstore.SimpleVectorStore - Calling EmbeddingModel for document id = 576cca84-5de8-4ed6-aa65-1060c3727e4d
2026-03-25 18:41:31.831 [restartedMain] INFO  o.springframework.ai.vectorstore.SimpleVectorStore - Calling EmbeddingModel for document id = f2c0610d-6bbe-4c2d-a903-58e4529f836d
2026-03-25 18:41:32.083 [restartedMain] INFO  o.springframework.ai.vectorstore.SimpleVectorStore - Calling EmbeddingModel for document id = 49c50736-6a2c-45ad-beda-8a2b47f34944
2026-03-25 18:41:32.496 [restartedMain] INFO  o.springframework.ai.vectorstore.SimpleVectorStore - Calling EmbeddingModel for document id = 28a2b41d-5a84-4c01-9977-f8fcff24550b
2026-03-25 18:41:32.788 [restartedMain] INFO  o.springframework.ai.vectorstore.SimpleVectorStore - Calling EmbeddingModel for document id = 2c848eeb-df8d-4d66-b931-46c426a56e81
2026-03-25 18:41:33.084 [restartedMain] INFO  o.springframework.ai.vectorstore.SimpleVectorStore - Calling EmbeddingModel for document id = 1a6b126e-1837-46a1-b7f9-0ae6f739c473
2026-03-25 18:41:33.349 [restartedMain] INFO  o.springframework.ai.vectorstore.SimpleVectorStore - Calling EmbeddingModel for document id = 47bde966-2d4a-4c4f-bf03-b3d000059613
2026-03-25 18:41:33.666 [restartedMain] INFO  o.springframework.ai.vectorstore.SimpleVectorStore - Calling EmbeddingModel for document id = 58b6d8bc-1175-4f6e-a98d-5216ddaffa67
2026-03-25 18:41:33.933 [restartedMain] INFO  o.springframework.ai.vectorstore.SimpleVectorStore - Calling EmbeddingModel for document id = 2605cca4-7f2b-4989-887b-bbd78f9d6397
2026-03-25 18:41:34.177 [restartedMain] INFO  o.springframework.ai.vectorstore.SimpleVectorStore - Creating new vector store file: vectorstore.json
2026-03-25 18:41:36.435 [restartedMain] INFO  o.s.b.d.autoconfigure.OptionalLiveReloadServer - LiveReload server is running on port 35729
2026-03-25 18:41:36.520 [restartedMain] INFO  org.apache.coyote.http11.Http11NioProtocol - Starting ProtocolHandler ["http-nio-8080"]
2026-03-25 18:41:36.532 [restartedMain] INFO  o.s.boot.web.embedded.tomcat.TomcatWebServer - Tomcat started on port 8080 (http) with context path ''
2026-03-25 18:42:16.005 [http-nio-8080-exec-1] INFO  o.a.c.core.ContainerBase.[Tomcat].[localhost].[/] - Initializing Spring DispatcherServlet 'dispatcherServlet'
2026-03-25 18:42:16.006 [http-nio-8080-exec-1] INFO  org.springframework.web.servlet.DispatcherServlet - Initializing Servlet 'dispatcherServlet'
2026-03-25 18:42:16.008 [http-nio-8080-exec-1] INFO  org.springframework.web.servlet.DispatcherServlet - Completed initialization in 2 ms
2026-03-25 18:54:05.979 [File Watcher] INFO  o.s.b.d.a.LocalDevToolsAutoConfiguration$RestartingClassPathChangeChangedEventListener - Restarting due to 1 class path change (0 additions, 1 deletion, 0 modifications)
2026-03-25 18:54:05.988 [Thread-32] INFO  org.apache.coyote.http11.Http11NioProtocol - Stopping ProtocolHandler ["http-nio-8080"]
2026-03-25 18:54:06.163 [Thread-32] INFO  com.alibaba.druid.pool.DruidDataSource - {dataSource-1} closing ...
2026-03-25 18:54:06.169 [Thread-32] INFO  com.alibaba.druid.pool.DruidDataSource - {dataSource-1} closed
2026-03-25 18:54:07.741 [restartedMain] INFO  o.s.d.r.config.RepositoryConfigurationDelegate - Multiple Spring Data modules found, entering strict repository configuration mode
2026-03-25 18:54:07.741 [restartedMain] INFO  o.s.d.r.config.RepositoryConfigurationDelegate - Bootstrapping Spring Data Redis repositories in DEFAULT mode.
2026-03-25 18:54:07.768 [restartedMain] INFO  o.s.d.r.config.RepositoryConfigurationDelegate - Finished Spring Data repository scanning in 25 ms. Found 0 Redis repository interfaces.
2026-03-25 18:54:08.645 [restartedMain] INFO  com.alibaba.druid.pool.DruidDataSource - {dataSource-2} inited
2026-03-25 18:54:10.386 [restartedMain] INFO  o.s.boot.web.embedded.tomcat.TomcatWebServer - Tomcat initialized with port 8080 (http)
2026-03-25 18:54:10.388 [restartedMain] INFO  org.apache.coyote.http11.Http11NioProtocol - Initializing ProtocolHandler ["http-nio-8080"]
2026-03-25 18:54:10.388 [restartedMain] INFO  org.apache.catalina.core.StandardService - Starting service [Tomcat]
2026-03-25 18:54:10.390 [restartedMain] INFO  org.apache.catalina.core.StandardEngine - Starting Servlet engine: [Apache Tomcat/10.1.18]
2026-03-25 18:54:10.422 [restartedMain] INFO  o.a.c.core.ContainerBase.[Tomcat].[localhost].[/] - Initializing Spring embedded WebApplicationContext
2026-03-25 18:54:10.422 [restartedMain] INFO  o.s.b.w.s.c.ServletWebServerApplicationContext - Root WebApplicationContext: initialization completed in 4031 ms
2026-03-25 18:54:16.871 [restartedMain] INFO  o.s.b.d.autoconfigure.OptionalLiveReloadServer - LiveReload server is running on port 35729
2026-03-25 18:54:17.024 [restartedMain] INFO  org.apache.coyote.http11.Http11NioProtocol - Starting ProtocolHandler ["http-nio-8080"]
2026-03-25 18:54:17.041 [restartedMain] INFO  com.alibaba.druid.pool.DruidDataSource - {dataSource-2} closing ...
2026-03-25 18:54:17.045 [restartedMain] INFO  com.alibaba.druid.pool.DruidDataSource - {dataSource-2} closed
2026-03-25 18:54:17.053 [restartedMain] INFO  o.s.b.a.logging.ConditionEvaluationReportLogger - 

Error starting ApplicationContext. To display the condition evaluation report re-run your application with 'debug' enabled.
2026-03-25 18:54:19.212 [restartedMain] INFO  o.s.d.r.config.RepositoryConfigurationDelegate - Multiple Spring Data modules found, entering strict repository configuration mode
2026-03-25 18:54:19.214 [restartedMain] INFO  o.s.d.r.config.RepositoryConfigurationDelegate - Bootstrapping Spring Data Redis repositories in DEFAULT mode.
2026-03-25 18:54:19.225 [restartedMain] INFO  o.s.d.r.config.RepositoryConfigurationDelegate - Finished Spring Data repository scanning in 10 ms. Found 0 Redis repository interfaces.
2026-03-25 18:54:19.969 [restartedMain] INFO  com.alibaba.druid.pool.DruidDataSource - {dataSource-3} inited
2026-03-25 18:54:21.937 [restartedMain] INFO  o.s.boot.web.embedded.tomcat.TomcatWebServer - Tomcat initialized with port 8080 (http)
2026-03-25 18:54:21.939 [restartedMain] INFO  org.apache.coyote.http11.Http11NioProtocol - Initializing ProtocolHandler ["http-nio-8080"]
2026-03-25 18:54:21.940 [restartedMain] INFO  org.apache.catalina.core.StandardService - Starting service [Tomcat]
2026-03-25 18:54:21.940 [restartedMain] INFO  org.apache.catalina.core.StandardEngine - Starting Servlet engine: [Apache Tomcat/10.1.18]
2026-03-25 18:54:21.993 [restartedMain] INFO  o.a.c.c.ContainerBase.[Tomcat-1].[localhost].[/] - Initializing Spring embedded WebApplicationContext
2026-03-25 18:54:21.993 [restartedMain] INFO  o.s.b.w.s.c.ServletWebServerApplicationContext - Root WebApplicationContext: initialization completed in 3333 ms
2026-03-25 18:54:29.111 [restartedMain] INFO  o.s.b.d.autoconfigure.OptionalLiveReloadServer - LiveReload server is running on port 35729
2026-03-25 18:54:29.276 [restartedMain] INFO  org.apache.coyote.http11.Http11NioProtocol - Starting ProtocolHandler ["http-nio-8080"]
2026-03-25 18:54:29.306 [restartedMain] INFO  com.alibaba.druid.pool.DruidDataSource - {dataSource-3} closing ...
2026-03-25 18:54:29.310 [restartedMain] INFO  com.alibaba.druid.pool.DruidDataSource - {dataSource-3} closed
2026-03-25 18:54:29.319 [restartedMain] INFO  o.s.b.a.logging.ConditionEvaluationReportLogger - 

Error starting ApplicationContext. To display the condition evaluation report re-run your application with 'debug' enabled.
